Gems included by the bundle:
  * actioncable (6.0.3.2 79af891)
  * actionmailbox (6.0.3.2 79af891)
  * actionmailer (6.0.3.2 79af891)
  * actionpack (6.0.3.2 79af891)
  * actiontext (6.0.3.2 79af891)
  * actionview (6.0.3.2 79af891)
  * activejob (6.0.3.2 79af891)
  * activemodel (6.0.3.2 79af891)
  * activerecord (6.0.3.2 79af891)
  * activestorage (6.0.3.2 79af891)
  * activesupport (6.0.3.2 79af891)
  * addressable (2.7.0)
  * amazing_print (1.2.1)
  * annotate (3.1.1)
  * ast (2.4.1)
  * better_errors (2.7.1)
  * binding_of_caller (0.8.0)
  * brakeman (4.9.0)
  * builder (3.2.4)
  * bundler-audit (0.7.0.1)
  * capybara (3.33.0)
  * childprocess (3.0.0)
  * coderay (1.1.3)
  * concurrent-ruby (1.1.7)
  * crass (1.0.6)
  * debug_inspector (0.0.3)
  * dotenv (2.7.6)
  * dotenv-rails (2.7.6)
  * em-websocket (0.5.1)
  * erubi (1.9.0)
  * eventmachine (1.2.7)
  * ffi (1.13.1)
  * formatador (0.2.5)
  * friendly_id (5.3.0 f5733d0)
  * globalid (0.4.2)
  * guard (2.16.2)
  * guard-compat (1.2.1)
  * guard-livereload (2.5.2)
  * guard-minitest (2.4.6)
  * guard-shell (0.7.1)
  * http_parser.rb (0.6.0)
  * i18n (1.8.5)
  * launchy (2.5.0)
  * listen (3.2.1)
  * loofah (2.6.0)
  * lumberjack (1.2.7)
  * mail (2.7.1)
  * marcel (0.3.3)
  * method_source (1.0.0)
  * mimemagic (0.3.5)
  * mini_mime (1.0.2)
  * mini_portile2 (2.4.0)
  * minitest (5.14.1)
  * minitest-ci (3.4.0)
  * multi_json (1.15.0)
  * nenv (0.3.0)
  * nio4r (2.5.2)
  * nokogiri (1.10.10)
  * notiffany (0.1.3)
  * parallel (1.19.2)
  * parser (2.7.1.4)
  * pg (1.2.3)
  * pgcli-rails (0.5.0)
  * pry (0.13.1)
  * public_suffix (4.0.5)
  * puma (4.3.5)
  * pygments.rb (1.2.1)
  * rack (2.2.3)
  * rack-canonical-host (1.0.0)
  * rack-livereload (0.3.17)
  * rack-proxy (0.6.5)
  * rack-test (1.1.0)
  * rails (6.0.3.2 79af891)
  * rails-dom-testing (2.0.3)
  * rails-html-sanitizer (1.3.0)
  * railties (6.0.3.2 79af891)
  * rainbow (3.0.0)
  * rake (13.0.1)
  * rb-fsevent (0.10.4)
  * rb-inotify (0.10.1)
  * redcarpet (3.5.0)
  * regexp_parser (1.7.1)
  * rexml (3.2.4)
  * rollbar (2.27.0)
  * rubocop (0.88.0)
  * rubocop-ast (0.2.0)
  * rubocop-minitest (0.10.1)
  * rubocop-performance (1.7.1)
  * rubocop-rails (2.7.1)
  * ruby-progressbar (1.10.1)
  * rubypants (0.7.1)
  * rubyzip (2.3.0)
  * secure_headers (6.3.1)
  * selenium-webdriver (3.142.7)
  * semantic_range (2.3.0)
  * shellany (0.0.1)
  * sitemap_generator (6.1.2)
  * spring (2.1.0)
  * spring-watcher-listen (2.0.1)
  * sprockets (4.0.2)
  * sprockets-rails (3.2.1)
  * terminal-notifier (2.0.0)
  * terminal-notifier-guard (1.7.0)
  * thor (1.0.1)
  * thread_safe (0.3.6)
  * tomo (1.3.0 0d3334c)
  * tomo-plugin-rollbar (1.0.1 abbbcb2)
  * turbolinks (5.2.1)
  * turbolinks-source (5.2.0)
  * typogruby (1.0.18)
  * tzinfo (1.2.7)
  * unicode-display_width (1.7.0)
  * webdrivers (4.4.1)
  * webpacker (5.1.1)
  * websocket-driver (0.7.3)
  * websocket-extensions (0.1.5)
  * xpath (3.2.0)
  * zeitwerk (2.4.0)
Use `bundle info` to print more detailed information about a gem
